<testsuites id="" name="" tests="1" failures="0" skipped="0" errors="0" time="12.825714">
<testsuite name="registration.spec.ts" timestamp="2025-07-23T10:16:36.710Z" hostname="chromium" tests="1" failures="0" skipped="0" time="10.964" errors="0">
<testcase name="Test de Registro Completo (Optimizado) › Debe llenar el formulario completo" classname="registration.spec.ts" time="10.964">
<system-out>
<![CDATA[🎬 INICIANDO TEST DE REGISTRO COMPLETO (OPTIMIZADO)
⏱️ Llenando formulario de manera eficiente...
👤 Llenando información personal...
📅 Llenando fecha de nacimiento...
🏢 Seleccionando departamento...
📍 Llenando información de ubicación...
📧 Llenando información de contacto...
🆔 Llenando información de documento...
👨‍💼 Llenando información de usuario...
🔐 Llenando contraseñas...
✅ Aceptando términos y condiciones...
🔍 Verificando que todos los campos estén llenos...
☑️ Verificando checkbox de términos...
👂 Configurando listener para respuesta del servidor...
🚀 HACIENDO CLIC EN REGISTRARME...
🔔 Dialog recibido: Error en el registro: Error al crear usuario: Email ya registrado
✨ TEST COMPLETADO - Formulario enviado exitosamente
📄 PDF se generará automáticamente...
]]>
</system-out>
</testcase>
</testsuite>
</testsuites>